// Jest Snapshot v1, https://goo.gl/fbAQLP

exports[`Snapshot testing should take Snapshot 1`] = `
<View
  style={
    Array [
      Object {
        "backgroundColor": "#ced0ce",
        "height": 1,
      },
    ]
  }
/>
`;
