// Jest Snapshot v1, https://goo.gl/fbAQLP

exports[`Snapshot testing should take Snapshot 1`] = `null`;
